三列宿#san@lie@su
上宿#shang@su
下宿#xia@su
不宿#bu@su
不射宿#bu@she@su
东方宿#dong@fang@su
东食西宿#dong@shi@xi@su
井宿#jing@su
伴宿#ban@su
住宿#zhu@su
住宿楼#zhu@su@lou
住宿费#zhu@su@fei
住宿部#zhu@su@bu
余宿#yv@su
侍宿#shi@su
信宿#xin@su
借宿#jie@su
值宿#zhi@su
假宿#jia@su
入宿#ru@su
兼宿#jian@su
出宿#chu@su
列宿#lie@su
包宿#bao@su
北宿#bei@su
历史宿命论#li@shi@su@ming@lun
参宿#can@su
双宿双飞#shuang@su@shuang@fei
双栖双宿#shuang@qi@shuang@su
台宿#tai@su
同宿#tong@su
名宿#ming@su
嚄唶宿将#huo@jie@su@jiang
土宿#tu@su
壁宿#bi@su
夜宿#ye@su
大宿#da@su
夫妻无隔宿之仇#fu@qi@wu@ge@su@zhi@chou
奎宿#kui@su
女宿#nv@su
奸宿#jian@su
嫖宿#piao@su
孤辰寡宿#gu@chen@gua@su
守宿#shou@su
客宿#ke@su
室宿#shi@su
宵宿#xiao@su
宿世#su@shi
宿业#su@ye
宿主#su@zhu
宿义#su@yi
宿习#su@xi
宿云#su@yun
宿仇#su@chou
宿会#su@hui
宿传#su@chuan
宿债#su@zhai
宿值#su@zhi
宿储#su@chu
宿儒#su@ru
宿兵#su@bing
宿冤#su@yuan
宿分#su@fen
宿务#su@wu
宿勤#su@qin
宿卧#su@wo
宿卫#su@wei
宿县#su@xian
宿名#su@ming
宿吏#su@li
宿命#su@ming
宿命论#su@ming@lun
宿哲#su@zhe
宿善#su@shan
宿囚#su@qiu
宿因#su@yin
宿土#su@tu
宿地#su@di
宿场#su@chang
宿坛#su@tan
宿垢#su@gou
宿墨#su@mo
宿士#su@shi
宿处#su@chu
宿夕#su@xi
宿夕之忧#su@xi@zhi@you
宿夜#su@ye
宿夜然诺#su@ye@ran@nuo
宿头#su@tou
宿契#su@qi
宿奸#su@jian
宿好#su@hao
宿妆#su@zhuang
宿妆殷#su@zhuang@yin
宿姧#su@jian
宿威#su@wei
宿娼#su@chang
宿嫌#su@xian
宿学#su@xue
宿学旧儒#su@xue@jiu@ru
宿孽#su@nie
宿定#su@ding
宿客#su@ke
宿容#su@rong
宿宿#su@su
宿寇#su@kou
宿寓#su@yv
宿将#su@jiang
宿将旧卒#su@jiang@jiu@zu
宿尚#su@shang
宿居#su@ju
宿屋#su@wu
宿岁#su@sui
宿州#su@zhou
宿州市#su@zhou@shi
宿工#su@gong
宿师#su@shi
宿庐#su@lu
宿度#su@du
宿弊#su@bi
宿弊一清#su@bi@yi@qing
宿彦#su@yan
宿德#su@de
宿心#su@xin
宿志#su@zhi
宿忧#su@you
宿念#su@nian
宿忿#su@fen
宿怀#su@huai
宿怒#su@nu
宿怨#su@yuan
宿怨深仇#su@yuan@shen@chou
宿恙#su@yang
宿恨#su@hen
宿恩#su@en
宿息#su@xi
宿恶#su@e
宿患#su@huan
宿情#su@qing
宿惑#su@huo
宿愆#su@qian
宿意#su@yi
宿愤#su@fen
宿愿#su@yuan
宿慧#su@hui
宿憾#su@han
宿懵#su@meng
宿戒#su@jie
宿所#su@suo
宿抱#su@bao
宿敌#su@di
宿斋#su@zhai
宿旧#su@jiu
宿昔#su@xi
宿昔交#su@xi@jiao
宿服#su@fu
宿望#su@wang
宿本#su@ben
宿构#su@gou
宿柔铤#su@rou@ting
宿柳眠花#su@liu@mian@hua
宿栖#su@qi
宿根#su@gen
宿根植物#su@gen@zhi@wu
宿楚#su@chu
宿歇#su@xie
宿止#su@zhi
宿殃#su@yang
宿水飡风#su@shui@can@feng
宿水飧风#su@shui@sun@feng
宿水餐风#su@shui@can@feng
宿治#su@zhi
宿泊#su@bo
宿泽#su@ze
宿浪#su@lang
宿滞#su@zhi
宿火#su@huo
宿烟#su@yan
宿物#su@wu
宿狡#su@jiao
宿狱#su@yv
宿猪#su@zhu
宿猾#su@hua
宿瑕#su@xia
宿生#su@sheng
宿田翁#su@tian@weng
宿留#su@liu
宿疚#su@jiu
宿疴#su@ke
宿疹#su@zhen
宿疾#su@ji
宿疾难医#su@ji@nan@yi
宿病#su@bing
宿症#su@zheng
宿痼#su@gu
宿痾#su@ke
宿瘤#su@liu
宿盗#su@dao
宿直#su@zhi
宿眉#su@mei
宿眷#su@juan
宿着#su@zhe
宿知#su@zhi
宿祸#su@huo
宿福#su@fu
宿禽#su@qin
宿秀#su@xiu
宿秉#su@bing
宿积#su@ji
宿站#su@zhan
宿篆#su@zhuan
宿糗#su@qiu
宿系#su@xi
宿素#su@su
宿约#su@yue
宿缘#su@yuan
宿罪#su@zui
宿羽#su@yv
宿老#su@lao
宿耆#su@qi
宿耻#su@chi
宿肉#su@rou
宿胥#su@xv
宿腻#su@ni
宿膳#su@shan
宿舂#su@chong
宿舍#su@she
宿舍区#su@she@qv
宿舍楼#su@she@lou
宿艾#su@ai
宿草#su@cao
宿莽#su@mang
宿营#su@ying
宿营地#su@ying@di
宿营车#su@ying@che
宿藏#su@cang
宿虑#su@lv
宿蠹#su@du
宿蠹藏奸#su@du@cang@jian
宿衅#su@xin
宿襟#su@jin
宿见#su@jian
宿计#su@ji
宿讼#su@song
宿设#su@she
宿语#su@yv
宿诺#su@nuo
宿读#su@du
宿谋#su@mou
宿谷#su@gu
宿豪#su@hao
宿豫县#su@yv@xian
宿负#su@fu
宿责#su@ze
宿贤#su@xian
宿败#su@bai
宿贵#su@gui
宿贼#su@zei
宿赃#su@zang
宿赋#su@fu
宿达#su@da
宿迁#su@qian
宿迁市#su@qian@shi
宿逋#su@bu
宿遇#su@yv
宿道#su@dao
宿酒#su@jiu
宿酲#su@cheng
宿醉#su@zui
宿铁刀#su@tie@dao
宿问#su@wen
宿闻#su@wen
宿陈#su@chen
宿隙#su@xi
宿障#su@zhang
宿雏#su@chu
宿雠#su@chou
宿雨#su@yv
宿雨餐风#su@yv@can@feng
宿雪#su@xue
宿雾#su@wu
宿霭#su@ai
宿露#su@lu
宿顾#su@gu
宿顿#su@dun
宿食#su@shi
宿饱#su@bao
宿鸟#su@niao
宿鹭#su@lu
宿麦#su@mai
宿齿#su@chi
寄宿#ji@su
寄宿制#ji@su@zhi
寄宿式#ji@su@shi
寄宿生#ji@su@sheng
寄宿舍#ji@su@she
寝宿#qin@su
寤宿#wu@su
射宿#she@su
将宿#jiang@su
居宿#ju@su
屯宿#tun@su
山行海宿#shan@xing@hai@su
师不宿饱#shi@bu@su@bao
常宿#chang@su
归宿#gui@su
归宿点#gui@su@dian
德宿#de@su
心宿#xin@su
房宿#fang@su
托宿#tuo@su
投宿#tou@su
抵宿#di@su
挨宿#ai@su
文宿#wen@su
文章宿老#wen@zhang@su@lao
斗宿#dou@su
旅宿#lv@su
旧仇宿怨#jiu@chou@su@yuan
旧爱宿恩#jiu@ai@su@en
昴宿#mao@su
晓行夜宿#xiao@xing@ye@su
景宿#jing@su
朝宿#chao@su
柳宿#liu@su
栖宿#qi@su
栖风宿雨#qi@feng@su@yv
槐荫耆宿#huai@yin@qi@su
歇宿#xie@su
止宿#zhi@su
武宿夜#wu@su@ye
毕宿#bi@su
氐宿#di@su
水宿#shui@su
水宿山行#shui@su@shan@xing
水宿风餐#shui@su@feng@can
沉疴宿疾#chen@ke@su@ji
河宿#he@su
泗宿#si@su
深仇宿怨#shen@chou@su@yuan
淹宿#yan@su
温宿#wen@su
火宿#huo@su
牛宿#niu@su
牛宿旗#niu@su@qi
牧宿#mu@su
独宿#du@su
玄宿#xuan@su
留宿#liu@su
番宿#fan@su
番宿家门#fan@su@jia@men
痛湔宿垢#tong@jian@su@gou
白宿#bai@su
百宿#bai@su
目宿#mu@su
眠宿#mian@su
眠花宿柳#mian@hua@su@liu
硕宿#shuo@su
硕望宿德#shuo@wang@su@de
籞宿#yv@su
翼宿#yi@su
老宿#lao@su
老师宿儒#lao@shi@su@ru
耆宿#qi@su
耆宿大贤#qi@su@da@xian
胸无宿物#xiong@wu@su@wu
膳宿#shan@su
草行露宿#cao@xing@lu@su
落宿#luo@su
藏怒宿怨#cang@nu@su@yuan
虚宿#xv@su
角宿#jiao@su
访宿#fang@su
豁宿#huo@su
路宿#lu@su
过宿#guo@su
过宿债#guo@su@zhai
连宿#lian@su
迭宿#die@su
适百里者宿舂粮#shi@bai@li@zhe@su@chong@liang
递宿#di@su
逗宿#dou@su
通宿#tong@su
逾宿#yv@su
野宿#ye@su
钜儒宿学#ju@ru@su@xue
锁宿#suo@su
长宿#chang@su
防宿#fang@su
陈宿#chen@su
隔宿#ge@su
隔宿粮#ge@su@liang
雨宿风餐#yv@su@feng@can
霜行草宿#shuang@xing@cao@su
霞宿#xia@su
露宿#lu@su
露宿风餐#lu@su@feng@can
露餐风宿#lu@can@feng@su
顿宿#dun@su
风宿水飡#feng@su@shui@can
风宿水餐#feng@su@shui@can
风飡水宿#feng@can@shui@su
风飧水宿#feng@sun@shui@su
风飧露宿#feng@sun@lu@su
风餐水宿#feng@can@shui@su
风餐雨宿#feng@can@yv@su
风餐露宿#feng@can@lu@su
食宿#shi@su
食宿相兼#shi@su@xiang@jian
食宿费#shi@su@fei
餐风宿水#can@feng@su@shui
餐风宿草#can@feng@su@cao
餐风宿雨#can@feng@su@yv
餐风宿雪#can@feng@su@xue
餐风宿露#can@feng@su@lu
餐风露宿#can@feng@lu@su
鬼宿#gui@su
鬼宿度河#gui@su@du@he
鬼宿渡河#gui@su@du@he
魁宿#kui@su
齐宿#qi@su
齿宿#chi@su
